arm-none-eabi-gcc "../Core/Src/mag.c" -mcpu=cortex-m3 -std=gnu11 -g3 -DDEBUG -DUSE_HAL_DRIVER -DSTM32F103xB -c -I../Core/Inc -I../Drivers/STM32F1xx_HAL_Driver/Inc -I../Drivers/STM32F1xx_HAL_Driver/Inc/Legacy -I../Drivers/CMSIS/Device/ST/STM32F1xx/Include -I../Drivers/CMSIS/Include -O0 -ffunction-sections -fdata-sections -Wall -fstack-usage -fcyclomatic-complexity -MMD -MP -MF"Core/Src/mag.d" -MT"Core/Src/mag.o" --specs=nano.specs -mfloat-abi=soft -mthumb -o "Core/Src/mag.o"
arm-none-eabi-gcc "../Core/Src/main.c" -mcpu=cortex-m3 -std=gnu11 -g3 -DDEBUG -DUSE_HAL_DRIVER -DSTM32F103xB -c -I../Core/Inc -I../Drivers/STM32F1xx_HAL_Driver/Inc -I../Drivers/STM32F1xx_HAL_Driver/Inc/Legacy -I../Drivers/CMSIS/Device/ST/STM32F1xx/Include -I../Drivers/CMSIS/Include -O0 -ffunction-sections -fdata-sections -Wall -fstack-usage -fcyclomatic-complexity -MMD -MP -MF"Core/Src/main.d" -MT"Core/Src/main.o" --specs=nano.specs -mfloat-abi=soft -mthumb -o "Core/Src/main.o"
arm-none-eabi-gcc -o "GPSandMagn_driver.elf" @"objects.list"   -mcpu=cortex-m3 -T"D:\isp_avonic\Iusbubula_Avionic_Board\Ray\GPSandMagn_driver\GPSandMagn_driver\STM32F103C8TX_FLASH.ld" --specs=nosys.specs -Wl,-Map="GPSandMagn_driver.map" -Wl,--gc-sections -static --specs=nano.specs -mfloat-abi=soft -mthumb -Wl,--start-group -lc -lm -Wl,--end-group
Finished building target: GPSandMagn_driver.elf
 
arm-none-eabi-size  GPSandMagn_driver.elf 
arm-none-eabi-objdump -h -S GPSandMagn_driver.elf  > "GPSandMagn_driver.list"
   text	   data	    bss	    dec	    hex	filename
  15244	     12	   1820	  17076	   42b4	GPSandMagn_driver.elf
Finished building: default.size.stdout
 
Finished building: GPSandMagn_driver.list
 

00:01:10 Build Finished. 0 errors, 0 warnings. (took 1s.124ms)

00:01:12 **** Incremental Build of configuration Debug for project GPSandMagn_driver ****
make -j22 all 
arm-none-eabi-size  GPSandMagn_driver.elf 
   text	   data	    bss	    dec	    hex	filename
  15244	     12	   1820	  17076	   42b4	GPSandMagn_driver.elf
Finished building: default.size.stdout
 
00:01:20 **** Incremental Build of configuration Debug for project GPSandMagn_driver ****
make -j22 all 
arm-none-eabi-size  GPSandMagn_driver.elf 
   text	   data	    bss	    dec	    hex	filename
  15244	     12	   1820	  17076	   42b4	GPSandMagn_driver.elf
Finished building: default.size.stdout
 
07:16:45 **** Incremental Build of configuration Debug for project GPSandMagn_driver ****
make -j22 all 
arm-none-eabi-gcc "../Core/Src/main.c" -mcpu=cortex-m3 -std=gnu11 -g3 -DDEBUG -DUSE_HAL_DRIVER -DSTM32F103xB -c -I../Core/Inc -I../Drivers/STM32F1xx_HAL_Driver/Inc -I../Drivers/STM32F1xx_HAL_Driver/Inc/Legacy -I../Drivers/CMSIS/Device/ST/STM32F1xx/Include -I../Drivers/CMSIS/Include -O0 -ffunction-sections -fdata-sections -Wall -fstack-usage -fcyclomatic-complexity -MMD -MP -MF"Core/Src/main.d" -MT"Core/Src/main.o" --specs=nano.specs -mfloat-abi=soft -mthumb -o "Core/Src/main.o"
../Core/Src/main.c:221:13: warning: 'LED_Blink' defined but not used [-Wunused-function]
  221 | static void LED_Blink(uint8_t times, uint16_t delay_ms)
      |             ^~~~~~~~~
arm-none-eabi-gcc -o "GPSandMagn_driver.elf" @"objects.list"   -mcpu=cortex-m3 -T"D:\isp_avonic\Iusbubula_Avionic_Board\Ray\GPSandMagn_driver\GPSandMagn_driver\STM32F103C8TX_FLASH.ld" --specs=nosys.specs -Wl,-Map="GPSandMagn_driver.map" -Wl,--gc-sections -static --specs=nano.specs -mfloat-abi=soft -mthumb -Wl,--start-group -lc -lm -Wl,--end-group
Finished building target: GPSandMagn_driver.elf
 
arm-none-eabi-size  GPSandMagn_driver.elf 
arm-none-eabi-objdump -h -S GPSandMagn_driver.elf  > "GPSandMagn_driver.list"
   text	   data	    bss	    dec	    hex	filename
  15164	     12	   1820	  16996	   4264	GPSandMagn_driver.elf
Finished building: default.size.stdout
 
Finished building: GPSandMagn_driver.list
 
07:17:06 **** Incremental Build of configuration Debug for project GPSandMagn_driver ****
make -j22 all 
arm-none-eabi-size  GPSandMagn_driver.elf 
   text	   data	    bss	    dec	    hex	filename
  15164	     12	   1820	  16996	   4264	GPSandMagn_driver.elf
Finished building: default.size.stdout
 
07:18:02 **** Incremental Build of configuration Debug for project GPSandMagn_driver ****
make -j22 all 
arm-none-eabi-gcc "../Core/Src/main.c" -mcpu=cortex-m3 -std=gnu11 -g3 -DDEBUG -DUSE_HAL_DRIVER -DSTM32F103xB -c -I../Core/Inc -I../Drivers/STM32F1xx_HAL_Driver/Inc -I../Drivers/STM32F1xx_HAL_Driver/Inc/Legacy -I../Drivers/CMSIS/Device/ST/STM32F1xx/Include -I../Drivers/CMSIS/Include -O0 -ffunction-sections -fdata-sections -Wall -fstack-usage -fcyclomatic-complexity -MMD -MP -MF"Core/Src/main.d" -MT"Core/Src/main.o" --specs=nano.specs -mfloat-abi=soft -mthumb -o "Core/Src/main.o"
../Core/Src/main.c:221:13: warning: 'LED_Blink' defined but not used [-Wunused-function]
  221 | static void LED_Blink(uint8_t times, uint16_t delay_ms)
      |             ^~~~~~~~~
arm-none-eabi-gcc -o "GPSandMagn_driver.elf" @"objects.list"   -mcpu=cortex-m3 -T"D:\isp_avonic\Iusbubula_Avionic_Board\Ray\GPSandMagn_driver\GPSandMagn_driver\STM32F103C8TX_FLASH.ld" --specs=nosys.specs -Wl,-Map="GPSandMagn_driver.map" -Wl,--gc-sections -static --specs=nano.specs -mfloat-abi=soft -mthumb -Wl,--start-group -lc -lm -Wl,--end-group
Finished building target: GPSandMagn_driver.elf
 
arm-none-eabi-size  GPSandMagn_driver.elf 
arm-none-eabi-objdump -h -S GPSandMagn_driver.elf  > "GPSandMagn_driver.list"
   text	   data	    bss	    dec	    hex	filename
  15164	     12	   1820	  16996	   4264	GPSandMagn_driver.elf
Finished building: default.size.stdout
 
Finished building: GPSandMagn_driver.list
 
07:18:39 **** Incremental Build of configuration Debug for project GPSandMagn_driver ****
make -j22 all 
arm-none-eabi-gcc "../Core/Src/main.c" -mcpu=cortex-m3 -std=gnu11 -g3 -DDEBUG -DUSE_HAL_DRIVER -DSTM32F103xB -c -I../Core/Inc -I../Drivers/STM32F1xx_HAL_Driver/Inc -I../Drivers/STM32F1xx_HAL_Driver/Inc/Legacy -I../Drivers/CMSIS/Device/ST/STM32F1xx/Include -I../Drivers/CMSIS/Include -O0 -ffunction-sections -fdata-sections -Wall -fstack-usage -fcyclomatic-complexity -MMD -MP -MF"Core/Src/main.d" -MT"Core/Src/main.o" --specs=nano.specs -mfloat-abi=soft -mthumb -o "Core/Src/main.o"
../Core/Src/main.c:221:13: warning: 'LED_Blink' defined but not used [-Wunused-function]
  221 | static void LED_Blink(uint8_t times, uint16_t delay_ms)
      |             ^~~~~~~~~
arm-none-eabi-gcc -o "GPSandMagn_driver.elf" @"objects.list"   -mcpu=cortex-m3 -T"D:\isp_avonic\Iusbubula_Avionic_Board\Ray\GPSandMagn_driver\GPSandMagn_driver\STM32F103C8TX_FLASH.ld" --specs=nosys.specs -Wl,-Map="GPSandMagn_driver.map" -Wl,--gc-sections -static --specs=nano.specs -mfloat-abi=soft -mthumb -Wl,--start-group -lc -lm -Wl,--end-group
Finished building target: GPSandMagn_driver.elf
 
arm-none-eabi-size  GPSandMagn_driver.elf 
arm-none-eabi-objdump -h -S GPSandMagn_driver.elf  > "GPSandMagn_driver.list"
   text	   data	    bss	    dec	    hex	filename
  15164	     12	   1820	  16996	   4264	GPSandMagn_driver.elf
Finished building: default.size.stdout
 
Finished building: GPSandMagn_driver.list
 
07:25:58 **** Incremental Build of configuration Debug for project GPSandMagn_driver ****
make -j22 all 
arm-none-eabi-gcc "../Core/Src/main.c" -mcpu=cortex-m3 -std=gnu11 -g3 -DDEBUG -DUSE_HAL_DRIVER -DSTM32F103xB -c -I../Core/Inc -I../Drivers/STM32F1xx_HAL_Driver/Inc -I../Drivers/STM32F1xx_HAL_Driver/Inc/Legacy -I../Drivers/CMSIS/Device/ST/STM32F1xx/Include -I../Drivers/CMSIS/Include -O0 -ffunction-sections -fdata-sections -Wall -fstack-usage -fcyclomatic-complexity -MMD -MP -MF"Core/Src/main.d" -MT"Core/Src/main.o" --specs=nano.specs -mfloat-abi=soft -mthumb -o "Core/Src/main.o"
arm-none-eabi-gcc -o "GPSandMagn_driver.elf" @"objects.list"   -mcpu=cortex-m3 -T"D:\isp_avonic\Iusbubula_Avionic_Board\Ray\GPSandMagn_driver\GPSandMagn_driver\STM32F103C8TX_FLASH.ld" --specs=nosys.specs -Wl,-Map="GPSandMagn_driver.map" -Wl,--gc-sections -static --specs=nano.specs -mfloat-abi=soft -mthumb -Wl,--start-group -lc -lm -Wl,--end-group
Finished building target: GPSandMagn_driver.elf
 
arm-none-eabi-size  GPSandMagn_driver.elf 
arm-none-eabi-objdump -h -S GPSandMagn_driver.elf  > "GPSandMagn_driver.list"
   text	   data	    bss	    dec	    hex	filename
  10608	     12	   1812	  12432	   3090	GPSandMagn_driver.elf
Finished building: default.size.stdout
 
Finished building: GPSandMagn_driver.list
 
07:37:35 **** Incremental Build of configuration Debug for project GPSandMagn_driver ****
make -j22 all 
arm-none-eabi-gcc "../Core/Src/gpio.c" -mcpu=cortex-m3 -std=gnu11 -g3 -DDEBUG -DUSE_HAL_DRIVER -DSTM32F103xB -c -I../Core/Inc -I../Drivers/STM32F1xx_HAL_Driver/Inc -I../Drivers/STM32F1xx_HAL_Driver/Inc/Legacy -I../Drivers/CMSIS/Device/ST/STM32F1xx/Include -I../Drivers/CMSIS/Include -O0 -ffunction-sections -fdata-sections -Wall -fstack-usage -fcyclomatic-complexity -MMD -MP -MF"Core/Src/gpio.d" -MT"Core/Src/gpio.o" --specs=nano.specs -mfloat-abi=soft -mthumb -o "Core/Src/gpio.o"
arm-none-eabi-gcc "../Core/Src/gps.c" -mcpu=cortex-m3 -std=gnu11 -g3 -DDEBUG -DUSE_HAL_DRIVER -DSTM32F103xB -c -I../Core/Inc -I../Drivers/STM32F1xx_HAL_Driver/Inc -I../Drivers/STM32F1xx_HAL_Driver/Inc/Legacy -I../Drivers/CMSIS/Device/ST/STM32F1xx/Include -I../Drivers/CMSIS/Include -O0 -ffunction-sections -fdata-sections -Wall -fstack-usage -fcyclomatic-complexity -MMD -MP -MF"Core/Src/gps.d" -MT"Core/Src/gps.o" --specs=nano.specs -mfloat-abi=soft -mthumb -o "Core/Src/gps.o"
arm-none-eabi-gcc "../Core/Src/main.c" -mcpu=cortex-m3 -std=gnu11 -g3 -DDEBUG -DUSE_HAL_DRIVER -DSTM32F103xB -c -I../Core/Inc -I../Drivers/STM32F1xx_HAL_Driver/Inc -I../Drivers/STM32F1xx_HAL_Driver/Inc/Legacy -I../Drivers/CMSIS/Device/ST/STM32F1xx/Include -I../Drivers/CMSIS/Include -O0 -ffunction-sections -fdata-sections -Wall -fstack-usage -fcyclomatic-complexity -MMD -MP -MF"Core/Src/main.d" -MT"Core/Src/main.o" --specs=nano.specs -mfloat-abi=soft -mthumb -o "Core/Src/main.o"
arm-none-eabi-gcc -o "GPSandMagn_driver.elf" @"objects.list"   -mcpu=cortex-m3 -T"D:\isp_avonic\Iusbubula_Avionic_Board\Ray\GPSandMagn_driver\GPSandMagn_driver\STM32F103C8TX_FLASH.ld" --specs=nosys.specs -Wl,-Map="GPSandMagn_driver.map" -Wl,--gc-sections -static --specs=nano.specs -mfloat-abi=soft -mthumb -Wl,--start-group -lc -lm -Wl,--end-group
Finished building target: GPSandMagn_driver.elf
 
arm-none-eabi-size  GPSandMagn_driver.elf 
arm-none-eabi-objdump -h -S GPSandMagn_driver.elf  > "GPSandMagn_driver.list"
   text	   data	    bss	    dec	    hex	filename
  10656	     12	   1812	  12480	   30c0	GPSandMagn_driver.elf
Finished building: default.size.stdout
 
Finished building: GPSandMagn_driver.list
 
07:38:04 **** Incremental Build of configuration Debug for project GPSandMagn_driver ****
make -j22 all 
arm-none-eabi-size  GPSandMagn_driver.elf 
   text	   data	    bss	    dec	    hex	filename
  10656	     12	   1812	  12480	   30c0	GPSandMagn_driver.elf
Finished building: default.size.stdout
 
07:38:57 **** Incremental Build of configuration Debug for project GPSandMagn_driver ****
make -j22 all 
arm-none-eabi-size  GPSandMagn_driver.elf 
   text	   data	    bss	    dec	    hex	filename
  10656	     12	   1812	  12480	   30c0	GPSandMagn_driver.elf
Finished building: default.size.stdout
 
07:45:50 **** Incremental Build of configuration Debug for project GPSandMagn_driver ****
make -j22 all 
arm-none-eabi-gcc "../Core/Src/main.c" -mcpu=cortex-m3 -std=gnu11 -g3 -DDEBUG -DUSE_HAL_DRIVER -DSTM32F103xB -c -I../Core/Inc -I../Drivers/STM32F1xx_HAL_Driver/Inc -I../Drivers/STM32F1xx_HAL_Driver/Inc/Legacy -I../Drivers/CMSIS/Device/ST/STM32F1xx/Include -I../Drivers/CMSIS/Include -O0 -ffunction-sections -fdata-sections -Wall -fstack-usage -fcyclomatic-complexity -MMD -MP -MF"Core/Src/main.d" -MT"Core/Src/main.o" --specs=nano.specs -mfloat-abi=soft -mthumb -o "Core/Src/main.o"
arm-none-eabi-gcc -o "GPSandMagn_driver.elf" @"objects.list"   -mcpu=cortex-m3 -T"D:\isp_avonic\Iusbubula_Avionic_Board\Ray\GPSandMagn_driver\GPSandMagn_driver\STM32F103C8TX_FLASH.ld" --specs=nosys.specs -Wl,-Map="GPSandMagn_driver.map" -Wl,--gc-sections -static --specs=nano.specs -mfloat-abi=soft -mthumb -Wl,--start-group -lc -lm -Wl,--end-group
Finished building target: GPSandMagn_driver.elf
 
arm-none-eabi-size  GPSandMagn_driver.elf 
arm-none-eabi-objdump -h -S GPSandMagn_driver.elf  > "GPSandMagn_driver.list"
   text	   data	    bss	    dec	    hex	filename
  10744	     12	   1820	  12576	   3120	GPSandMagn_driver.elf
Finished building: default.size.stdout
 
Finished building: GPSandMagn_driver.list
 
