07:45:50 **** Incremental Build of configuration Debug for project GPSandMagn_driver ****
make -j22 all 
arm-none-eabi-gcc "../Core/Src/main.c" -mcpu=cortex-m3 -std=gnu11 -g3 -DDEBUG -DUSE_HAL_DRIVER -DSTM32F103xB -c -I../Core/Inc -I../Drivers/STM32F1xx_HAL_Driver/Inc -I../Drivers/STM32F1xx_HAL_Driver/Inc/Legacy -I../Drivers/CMSIS/Device/ST/STM32F1xx/Include -I../Drivers/CMSIS/Include -O0 -ffunction-sections -fdata-sections -Wall -fstack-usage -fcyclomatic-complexity -MMD -MP -MF"Core/Src/main.d" -MT"Core/Src/main.o" --specs=nano.specs -mfloat-abi=soft -mthumb -o "Core/Src/main.o"
arm-none-eabi-gcc -o "GPSandMagn_driver.elf" @"objects.list"   -mcpu=cortex-m3 -T"D:\isp_avonic\Iusbubula_Avionic_Board\Ray\GPSandMagn_driver\GPSandMagn_driver\STM32F103C8TX_FLASH.ld" --specs=nosys.specs -Wl,-Map="GPSandMagn_driver.map" -Wl,--gc-sections -static --specs=nano.specs -mfloat-abi=soft -mthumb -Wl,--start-group -lc -lm -Wl,--end-group
Finished building target: GPSandMagn_driver.elf
 
arm-none-eabi-size  GPSandMagn_driver.elf 
arm-none-eabi-objdump -h -S GPSandMagn_driver.elf  > "GPSandMagn_driver.list"
   text	   data	    bss	    dec	    hex	filename
  10744	     12	   1820	  12576	   3120	GPSandMagn_driver.elf
Finished building: default.size.stdout
 
Finished building: GPSandMagn_driver.list
 

07:45:51 Build Finished. 0 errors, 0 warnings. (took 602ms)

